// Jest Snapshot v1, https://goo.gl/fbAQLP

exports[`LandingPage should match snapshot 1`] = `
<body>
  <div>
    <div>
      Welcome!
    </div>
  </div>
</body>
`;
