// Jest Snapshot v1, https://goo.gl/fbAQLP

exports[`NotFoundErrorPage should match snapshot given api call succeeds 1`] = `
<body>
  <div>
    <div
      class="base-error-page"
    >
      <div
        class="base-error-page__wrapper"
      >
        <img
          alt="404"
          class="base-error-page__image"
          src="https://dogs.com/image/1"
        />
        <div
          class="base-error-page__message"
        >
          <h4
            class="MuiTypography-root MuiTypography-h4 css-wz9of0-MuiTypography-root"
          >
            Sorry!
          </h4>
          <h6
            class="MuiTypography-root MuiTypography-h6 css-1uaewpj-MuiTypography-root"
          >
            This item might not exist or is no longer available
          </h6>
        </div>
        <h6
          class="MuiTypography-root MuiTypography-subtitle1 css-65a2cr-MuiTypography-root"
        >
          <details
            class="base-error-page__error"
          >
            <summary>
              Error: 
              Random error
            </summary>
            <div>
              <div />
              <div>
                Mock content for stack trace
              </div>
            </div>
          </details>
        </h6>
        <a
          class="MuiButton-root MuiButton-outlined MuiButton-outlinedPrimary MuiButton-sizeMedium MuiButton-outlinedSizeMedium MuiButtonBase-root  css-1rwt2y5-MuiButtonBase-root-MuiButton-root"
          href="/files"
          tabindex="0"
        >
          Go back to my files
          <span
            class="MuiTouchRipple-root css-8je8zh-MuiTouchRipple-root"
          />
        </a>
      </div>
    </div>
  </div>
</body>
`;
