// Jest Snapshot v1, https://goo.gl/fbAQLP

exports[`ContextMenu should match snapshot given it is open 1`] = `
<body
  style="padding-right: 1024px; overflow: hidden;"
>
  <div
    aria-hidden="true"
  />
  <div
    class="MuiPopover-root MuiMenu-root MuiModal-root css-10nakn3-MuiModal-root-MuiPopover-root-MuiMenu-root"
    data-testid="filetable-context-menu"
    role="presentation"
  >
    <div
      aria-hidden="true"
      class="MuiBackdrop-root MuiBackdrop-invisible MuiModal-backdrop css-1hqw972-MuiBackdrop-root-MuiModal-backdrop"
      style="opacity: 1; webkit-transition: opacity 225ms cubic-bezier(0.4, 0, 0.2, 1) 0ms; transition: opacity 225ms cubic-bezier(0.4, 0, 0.2, 1) 0ms;"
    />
    <div
      data-testid="sentinelStart"
      tabindex="0"
    />
    <div
      class="MuiPaper-root MuiPaper-elevation MuiPaper-rounded MuiPaper-elevation8 MuiPopover-paper MuiMenu-paper MuiMenu-paper css-1xomo8h-MuiPaper-root-MuiPopover-paper-MuiMenu-paper"
      style="--Paper-shadow: 0px 5px 5px -3px rgba(0,0,0,0.2),0px 8px 10px 1px rgba(0,0,0,0.14),0px 3px 14px 2px rgba(0,0,0,0.12); opacity: 1; transform: scale(1, 1); transition: opacity 0ms cubic-bezier(0.4, 0, 0.2, 1) 0ms,transform 0ms cubic-bezier(0.4, 0, 0.2, 1) 0ms; top: 300px; left: 200px; transform-origin: 0px 0px;"
      tabindex="-1"
    >
      <ul
        class="MuiList-root MuiList-padding MuiMenu-list css-99wn1p-MuiList-root-MuiMenu-list"
        role="menu"
        tabindex="-1"
      >
        <li
          class="MuiButtonBase-root MuiMenuItem-root MuiMenuItem-gutters MuiMenuItem-root MuiMenuItem-gutters css-1h4bzp1-MuiButtonBase-root-MuiMenuItem-root"
          data-testid="open"
          role="menuitem"
          tabindex="0"
        >
          <div
            class="MuiListItemIcon-root css-cveggr-MuiListItemIcon-root"
          >
            <svg
              aria-hidden="true"
              class="MuiSvgIcon-root MuiSvgIcon-fontSizeSmall css-18w7uxr-MuiSvgIcon-root"
              data-testid="FileOpenIcon"
              focusable="false"
              viewBox="0 0 24 24"
            >
              <path
                d="M14 2H6c-1.1 0-2 .9-2 2v16c0 1.1.89 2 1.99 2H15v-8h5V8zm-1 7V3.5L18.5 9zm4 12.66V16h5.66v2h-2.24l2.95 2.95-1.41 1.41L19 19.41v2.24h-2z"
              />
            </svg>
          </div>
          <div
            class="MuiListItemText-root css-1y2w5y4-MuiListItemText-root"
          >
            <span
              class="MuiTypography-root MuiTypography-body1 MuiListItemText-primary css-1edfpdg-MuiTypography-root"
            >
              Open
            </span>
          </div>
        </li>
        <li
          class="MuiButtonBase-root MuiMenuItem-root MuiMenuItem-gutters MuiMenuItem-root MuiMenuItem-gutters css-1h4bzp1-MuiButtonBase-root-MuiMenuItem-root"
          data-testid="download"
          role="menuitem"
          tabindex="-1"
        >
          <div
            class="MuiListItemIcon-root css-cveggr-MuiListItemIcon-root"
          >
            <svg
              aria-hidden="true"
              class="MuiSvgIcon-root MuiSvgIcon-fontSizeSmall css-18w7uxr-MuiSvgIcon-root"
              data-testid="DownloadIcon"
              focusable="false"
              viewBox="0 0 24 24"
            >
              <path
                d="M5 20h14v-2H5zM19 9h-4V3H9v6H5l7 7z"
              />
            </svg>
          </div>
          <div
            class="MuiListItemText-root css-1y2w5y4-MuiListItemText-root"
          >
            <span
              class="MuiTypography-root MuiTypography-body1 MuiListItemText-primary css-1edfpdg-MuiTypography-root"
            >
              Download
            </span>
          </div>
        </li>
        <hr
          class="MuiDivider-root MuiDivider-fullWidth css-9mgopn-MuiDivider-root"
        />
        <li
          class="MuiButtonBase-root MuiMenuItem-root MuiMenuItem-gutters MuiMenuItem-root MuiMenuItem-gutters css-1h4bzp1-MuiButtonBase-root-MuiMenuItem-root"
          data-testid="move"
          role="menuitem"
          tabindex="-1"
        >
          <div
            class="MuiListItemIcon-root css-cveggr-MuiListItemIcon-root"
          >
            <svg
              aria-hidden="true"
              class="MuiSvgIcon-root MuiSvgIcon-fontSizeSmall css-18w7uxr-MuiSvgIcon-root"
              data-testid="DriveFileMoveIcon"
              focusable="false"
              viewBox="0 0 24 24"
            >
              <path
                d="M20 6h-8l-2-2H4c-1.1 0-2 .9-2 2v12c0 1.1.9 2 2 2h16c1.1 0 2-.9 2-2V8c0-1.1-.9-2-2-2m-6 12v-3h-4v-4h4V8l5 5z"
              />
            </svg>
          </div>
          <div
            class="MuiListItemText-root css-1y2w5y4-MuiListItemText-root"
          >
            <span
              class="MuiTypography-root MuiTypography-body1 MuiListItemText-primary css-1edfpdg-MuiTypography-root"
            >
              Move to
            </span>
          </div>
        </li>
        <li
          class="MuiButtonBase-root MuiMenuItem-root MuiMenuItem-gutters MuiMenuItem-root MuiMenuItem-gutters css-1h4bzp1-MuiButtonBase-root-MuiMenuItem-root"
          data-testid="copy"
          role="menuitem"
          tabindex="-1"
        >
          <div
            class="MuiListItemIcon-root css-cveggr-MuiListItemIcon-root"
          >
            <svg
              aria-hidden="true"
              class="MuiSvgIcon-root MuiSvgIcon-fontSizeSmall css-18w7uxr-MuiSvgIcon-root"
              data-testid="ContentCopyIcon"
              focusable="false"
              viewBox="0 0 24 24"
            >
              <path
                d="M16 1H4c-1.1 0-2 .9-2 2v14h2V3h12zm3 4H8c-1.1 0-2 .9-2 2v14c0 1.1.9 2 2 2h11c1.1 0 2-.9 2-2V7c0-1.1-.9-2-2-2m0 16H8V7h11z"
              />
            </svg>
          </div>
          <div
            class="MuiListItemText-root css-1y2w5y4-MuiListItemText-root"
          >
            <span
              class="MuiTypography-root MuiTypography-body1 MuiListItemText-primary css-1edfpdg-MuiTypography-root"
            >
              Copy
            </span>
          </div>
        </li>
        <li
          class="MuiButtonBase-root MuiMenuItem-root MuiMenuItem-gutters MuiMenuItem-root MuiMenuItem-gutters css-1h4bzp1-MuiButtonBase-root-MuiMenuItem-root"
          data-testid="rename"
          role="menuitem"
          tabindex="-1"
        >
          <div
            class="MuiListItemIcon-root css-cveggr-MuiListItemIcon-root"
          >
            <svg
              aria-hidden="true"
              class="MuiSvgIcon-root MuiSvgIcon-fontSizeSmall css-18w7uxr-MuiSvgIcon-root"
              data-testid="DriveFileRenameOutlineIcon"
              focusable="false"
              viewBox="0 0 24 24"
            >
              <path
                d="M18.41 5.8 17.2 4.59c-.78-.78-2.05-.78-2.83 0l-2.68 2.68L3 15.96V20h4.04l8.74-8.74 2.63-2.63c.79-.78.79-2.05 0-2.83M6.21 18H5v-1.21l8.66-8.66 1.21 1.21zM11 20l4-4h6v4z"
              />
            </svg>
          </div>
          <div
            class="MuiListItemText-root css-1y2w5y4-MuiListItemText-root"
          >
            <span
              class="MuiTypography-root MuiTypography-body1 MuiListItemText-primary css-1edfpdg-MuiTypography-root"
            >
              Rename
            </span>
          </div>
        </li>
        <hr
          class="MuiDivider-root MuiDivider-fullWidth css-9mgopn-MuiDivider-root"
        />
        <li
          class="MuiButtonBase-root MuiMenuItem-root MuiMenuItem-gutters MuiMenuItem-root MuiMenuItem-gutters css-1h4bzp1-MuiButtonBase-root-MuiMenuItem-root"
          data-testid="delete"
          role="menuitem"
          tabindex="-1"
        >
          <div
            class="MuiListItemIcon-root css-cveggr-MuiListItemIcon-root"
          >
            <svg
              aria-hidden="true"
              class="MuiSvgIcon-root MuiSvgIcon-fontSizeSmall css-18w7uxr-MuiSvgIcon-root"
              data-testid="DeleteIcon"
              focusable="false"
              viewBox="0 0 24 24"
            >
              <path
                d="M6 19c0 1.1.9 2 2 2h8c1.1 0 2-.9 2-2V7H6zM19 4h-3.5l-1-1h-5l-1 1H5v2h14z"
              />
            </svg>
          </div>
          <div
            class="MuiListItemText-root css-1y2w5y4-MuiListItemText-root"
          >
            <span
              class="MuiTypography-root MuiTypography-body1 MuiListItemText-primary css-1edfpdg-MuiTypography-root"
            >
              Delete
            </span>
          </div>
        </li>
      </ul>
    </div>
    <div
      data-testid="sentinelEnd"
      tabindex="0"
    />
  </div>
</body>
`;
