// Jest Snapshot v1, https://goo.gl/fbAQLP

exports[`FilesPage should match snapshot 1`] = `
<body>
  <div>
    <div
      class="files-page"
    />
  </div>
</body>
`;
