// Jest Snapshot v1, https://goo.gl/fbAQLP

exports[`FolderBrowserDialog should render FolderTree and call handleOk() once correctly if user selects an item from the FolderTree 1`] = `
<body
  style="padding-right: 1024px; overflow: hidden;"
>
  <div
    aria-hidden="true"
  />
  <div
    class="MuiModal-root MuiDialog-root css-1lxu39g-MuiModal-root-MuiDialog-root"
    role="presentation"
  >
    <div
      aria-hidden="true"
      class="MuiBackdrop-root css-yiavyu-MuiBackdrop-root-MuiDialog-backdrop"
      style="opacity: 1; webkit-transition: opacity 225ms cubic-bezier(0.4, 0, 0.2, 1) 0ms; transition: opacity 225ms cubic-bezier(0.4, 0, 0.2, 1) 0ms;"
    />
    <div
      data-test="sentinelStart"
      tabindex="0"
    />
    <div
      class="MuiDialog-container MuiDialog-scrollPaper css-hz1bth-MuiDialog-container"
      role="presentation"
      style="opacity: 1; webkit-transition: opacity 225ms cubic-bezier(0.4, 0, 0.2, 1) 0ms; transition: opacity 225ms cubic-bezier(0.4, 0, 0.2, 1) 0ms;"
      tabindex="-1"
    >
      <div
        class="MuiPaper-root MuiPaper-elevation MuiPaper-rounded MuiPaper-elevation24 MuiDialog-paper MuiDialog-paperScrollPaper MuiDialog-paperWidthXs css-22jxwj-MuiPaper-root-MuiDialog-paper"
        role="dialog"
      >
        <h2
          class="MuiTypography-root MuiTypography-h6 MuiDialogTitle-root css-bdhsul-MuiTypography-root-MuiDialogTitle-root"
        >
          Title
        </h2>
        <div
          class="MuiDialogContent-root MuiDialogContent-dividers css-1t4vnk2-MuiDialogContent-root"
        />
        <div
          class="MuiDialogActions-root MuiDialogActions-spacing css-hlj6pa-MuiDialogActions-root"
        >
          <button
            class="MuiButton-root MuiButton-text MuiButton-textPrimary MuiButton-sizeMedium MuiButton-textSizeMedium MuiButtonBase-root Mui-focusVisible  css-1e6y48t-MuiButtonBase-root-MuiButton-root"
            data-testid="cancel-button"
            tabindex="0"
            type="button"
          >
            Cancel
            <span
              class="MuiTouchRipple-root css-8je8zh-MuiTouchRipple-root"
            >
              <span
                class="css-y4cjyz-MuiTouchRipple-ripple MuiTouchRipple-ripple MuiTouchRipple-rippleVisible MuiTouchRipple-ripplePulsate"
                style="width: 1px; height: 1px; top: -0.5px; left: -0.5px;"
              >
                <span
                  class="MuiTouchRipple-child MuiTouchRipple-childPulsate"
                />
              </span>
            </span>
          </button>
          <button
            class="MuiButton-root MuiButton-text MuiButton-textPrimary MuiButton-sizeMedium MuiButton-textSizeMedium MuiButtonBase-root  css-1e6y48t-MuiButtonBase-root-MuiButton-root"
            data-testid="ok-button"
            tabindex="0"
            type="button"
          >
            Ok
            <span
              class="MuiTouchRipple-root css-8je8zh-MuiTouchRipple-root"
            />
          </button>
        </div>
      </div>
    </div>
    <div
      data-test="sentinelEnd"
      tabindex="0"
    />
  </div>
</body>
`;
