// Jest Snapshot v1, https://goo.gl/fbAQLP

exports[`RemotesListSection should match snapshot when api call is loading 1`] = `
<body>
  <div />
</body>
`;

exports[`RemotesListSection should match snapshot when api call was successful 1`] = `
<body>
  <div>
    <div
      class="MuiTypography-root MuiTypography-h7 remotes-list-section__header-text css-jab4h0-MuiTypography-root"
    >
      Your Remotes
    </div>
    <div>
      googledrive,onedrive,icloud
    </div>
  </div>
</body>
`;
