// Jest Snapshot v1, https://goo.gl/fbAQLP

exports[`RenameFileDialog should match snapshot when dialog is open 1`] = `
<body
  style="padding-right: 1024px; overflow: hidden;"
>
  <div
    aria-hidden="true"
  />
  <div
    class="MuiDialog-root MuiModal-root css-zw3mfo-MuiModal-root-MuiDialog-root"
    data-testid="rename-file-dialog"
    role="presentation"
  >
    <div
      aria-hidden="true"
      class="MuiBackdrop-root MuiModal-backdrop css-yiavyu-MuiBackdrop-root-MuiDialog-backdrop"
      style="opacity: 1; webkit-transition: opacity 225ms cubic-bezier(0.4, 0, 0.2, 1) 0ms; transition: opacity 225ms cubic-bezier(0.4, 0, 0.2, 1) 0ms;"
    />
    <div
      data-testid="sentinelStart"
      tabindex="0"
    />
    <div
      class="MuiDialog-container MuiDialog-scrollPaper css-1cvd0nv-MuiDialog-container"
      role="presentation"
      style="opacity: 1; webkit-transition: opacity 225ms cubic-bezier(0.4, 0, 0.2, 1) 0ms; transition: opacity 225ms cubic-bezier(0.4, 0, 0.2, 1) 0ms;"
      tabindex="-1"
    >
      <div
        aria-describedby="rename-file-dialog-description"
        class="MuiPaper-root MuiPaper-elevation MuiPaper-rounded MuiPaper-elevation24 MuiDialog-paper MuiDialog-paperScrollPaper MuiDialog-paperWidthXs MuiDialog-paperFullWidth css-u3mvvq-MuiPaper-root-MuiDialog-paper"
        role="dialog"
        style="--Paper-shadow: 0px 11px 15px -7px rgba(0,0,0,0.2),0px 24px 38px 3px rgba(0,0,0,0.14),0px 9px 46px 8px rgba(0,0,0,0.12);"
      >
        <h2
          class="MuiTypography-root MuiTypography-h6 MuiDialogTitle-root css-ks0ey5-MuiTypography-root-MuiDialogTitle-root"
          id="rename-file-dialog-title"
        >
          Rename 
          <strong>
            dog.png
          </strong>
           to:
        </h2>
        <div
          class="MuiDialogContent-root css-1kxd7on-MuiDialogContent-root"
        >
          <div
            class="MuiFormControl-root MuiFormControl-fullWidth MuiTextField-root css-y4n9bg-MuiFormControl-root-MuiTextField-root"
            data-testid="rename-textbox"
          >
            <div
              class="MuiInputBase-root MuiOutlinedInput-root MuiInputBase-colorPrimary MuiInputBase-fullWidth MuiInputBase-formControl MuiInputBase-sizeSmall css-1o0kqxp-MuiInputBase-root-MuiOutlinedInput-root"
            >
              <input
                aria-invalid="false"
                class="MuiInputBase-input MuiOutlinedInput-input MuiInputBase-inputSizeSmall css-1sh6wjw-MuiInputBase-input-MuiOutlinedInput-input"
                type="text"
                value="dog.png"
              />
              <fieldset
                aria-hidden="true"
                class="MuiOutlinedInput-notchedOutline css-1d3z3hw-MuiOutlinedInput-notchedOutline"
              >
                <legend
                  class="css-gpjuor"
                >
                  <span
                    class="notranslate"
                  >
                    â€‹
                  </span>
                </legend>
              </fieldset>
            </div>
          </div>
        </div>
        <div
          class="MuiDialogActions-root MuiDialogActions-spacing css-19kok5i-MuiDialogActions-root"
        >
          <button
            class="MuiButtonBase-root MuiButton-root MuiButton-text MuiButton-textPrimary MuiButton-sizeMedium MuiButton-textSizeMedium MuiButton-colorPrimary MuiButton-root MuiButton-text MuiButton-textPrimary MuiButton-sizeMedium MuiButton-textSizeMedium MuiButton-colorPrimary css-1apkmlw-MuiButtonBase-root-MuiButton-root"
            data-testid="cancel"
            tabindex="0"
            type="button"
          >
            Cancel
          </button>
          <button
            class="MuiButtonBase-root MuiButton-root MuiButton-text MuiButton-textPrimary MuiButton-sizeMedium MuiButton-textSizeMedium MuiButton-colorPrimary MuiButton-root MuiButton-text MuiButton-textPrimary MuiButton-sizeMedium MuiButton-textSizeMedium MuiButton-colorPrimary css-1apkmlw-MuiButtonBase-root-MuiButton-root"
            data-testid="ok"
            tabindex="0"
            type="button"
          >
            Ok
          </button>
        </div>
      </div>
    </div>
    <div
      data-testid="sentinelEnd"
      tabindex="0"
    />
  </div>
</body>
`;
